------------------------------------------------------------
Timing Analyzer Summary
------------------------------------------------------------

Type  : Slow 1100mV 85C Model Setup 'KEY[0]'
Slack : -1.158
TNS   : -5.248

Type  : Slow 1100mV 85C Model Hold 'KEY[0]'
Slack : 0.461
TNS   : 0.000

Type  : Slow 1100mV 85C Model Recovery 'KEY[0]'
Slack : -0.854
TNS   : -3.404

Type  : Slow 1100mV 85C Model Removal 'KEY[0]'
Slack : 0.939
TNS   : 0.000

Type  : Slow 1100mV 85C Model Minimum Pulse Width 'KEY[0]'
Slack : -0.538
TNS   : -6.979

Type  : Slow 1100mV 0C Model Setup 'KEY[0]'
Slack : -1.274
TNS   : -5.865

Type  : Slow 1100mV 0C Model Hold 'KEY[0]'
Slack : 0.434
TNS   : 0.000

Type  : Slow 1100mV 0C Model Recovery 'KEY[0]'
Slack : -0.857
TNS   : -3.414

Type  : Slow 1100mV 0C Model Removal 'KEY[0]'
Slack : 0.890
TNS   : 0.000

Type  : Slow 1100mV 0C Model Minimum Pulse Width 'KEY[0]'
Slack : -0.538
TNS   : -7.050

Type  : Fast 1100mV 85C Model Setup 'KEY[0]'
Slack : 0.042
TNS   : 0.000

Type  : Fast 1100mV 85C Model Hold 'KEY[0]'
Slack : 0.181
TNS   : 0.000

Type  : Fast 1100mV 85C Model Recovery 'KEY[0]'
Slack : 0.152
TNS   : 0.000

Type  : Fast 1100mV 85C Model Removal 'KEY[0]'
Slack : 0.426
TNS   : 0.000

Type  : Fast 1100mV 85C Model Minimum Pulse Width 'KEY[0]'
Slack : -0.094
TNS   : -0.823

Type  : Fast 1100mV 0C Model Setup 'KEY[0]'
Slack : 0.072
TNS   : 0.000

Type  : Fast 1100mV 0C Model Hold 'KEY[0]'
Slack : 0.169
TNS   : 0.000

Type  : Fast 1100mV 0C Model Recovery 'KEY[0]'
Slack : 0.207
TNS   : 0.000

Type  : Fast 1100mV 0C Model Removal 'KEY[0]'
Slack : 0.386
TNS   : 0.000

Type  : Fast 1100mV 0C Model Minimum Pulse Width 'KEY[0]'
Slack : -0.094
TNS   : -0.830

------------------------------------------------------------
